[backblue.gif]
[fade.gif]
[index.html]
[tewimakehotel.com/en/index.html]
[tewimakehotel.com/en/home/index.html]
[tewimakehotel.com/en/home/https_/tewimakehotel.com/wp-content/uploads/2024/11/WhatsApp-Image-2024-10-10-at-19.53.41-scaled.jpg]
[tewimakehotel.com/en/feed/index.html]
[tewimakehotel.com/en/comments/feed/index.html]
[tewimakehotel.com/en/glampings-2/index.html]
[tewimakehotel.com/en/accommodation/index.html]
[tewimakehotel.com/en/home/https_/tewimakehotel.com/wp-content/uploads/2024/08/DJI_0916-scaled.jpg]
[tewimakehotel.com/en/family-cabin/index.html]
[tewimakehotel.com/en/presidential-family-cabins/index.html]
[tewimakehotel.com/en/suites-2/index.html]
[tewimakehotel.com/en/presidential-cabins/index.html]
[tewimakehotel.com/en/home/https_/tewimakehotel.com/wp-content/uploads/2023/11/1.png]
[tewimakehotel.com/en/experiences/index.html]
[tewimakehotel.com/en/contact-us/index.html]
[tewimakehotel.com/en/services/index.html]
[tewimakehotel.com/en/home/https_/tewimakehotel.com/wp-content/uploads/2023/11/3.png]
[tewimakehotel.com/en/home/https_/tewimakehotel.com/wp-content/uploads/2024/08/DJI_0910-2.jpg]
[tewimakehotel.com/en/home/https_/tewimakehotel.com/wp-content/uploads/2023/11/5.png]
[tewimakehotel.com/en/home/https_/tewimakehotel.com/wp-content/uploads/2024/08/IMG_1429-2.jpg]
[tewimakehotel.com/en/home/index.html]
[tewimakehotel.com/en/accommodation/index.html]
[tewimakehotel.com/en/glampings-2/https_/tewimakehotel.com/wp-content/uploads/2024/08/DJI_0913-scaled.jpg]
[tewimakehotel.com/en/glampings-2/https_/tewimakehotel.com/wp-content/uploads/2024/08/IMG_9676.jpg]
[tewimakehotel.com/en/glampings-2/https_/tewimakehotel.com/wp-content/uploads/2024/08/IMG_1444.jpg]
[tewimakehotel.com/en/glampings-2/https_/tewimakehotel.com/wp-content/uploads/2024/08/IMG_9691.jpg]
[tewimakehotel.com/en/glampings-2/https_/tewimakehotel.com/wp-content/uploads/2024/08/IMG_9692.jpg]
[tewimakehotel.com/en/glampings-2/https_/tewimakehotel.com/wp-content/uploads/2024/08/IMG_9690.jpg]
[tewimakehotel.com/en/glampings-2/https_/tewimakehotel.com/wp-content/uploads/2024/08/IMG_9665.jpg]
[tewimakehotel.com/en/glampings-2/https_/tewimakehotel.com/wp-content/uploads/2024/08/IMG_9672.jpg]
[tewimakehotel.com/en/glampings-2/https_/tewimakehotel.com/wp-content/uploads/2024/08/IMG_9663.jpg]
[tewimakehotel.com/en/glampings-2/https_/tewimakehotel.com/wp-content/uploads/2024/08/DJI_0916-scaled.jpg]
[tewimakehotel.com/en/glampings-2/https_/tewimakehotel.com/wp-content/uploads/2024/08/IMG_9702.jpg]
[tewimakehotel.com/en/glampings-2/https_/tewimakehotel.com/wp-content/uploads/2024/08/IMG_9666.jpg]
[tewimakehotel.com/en/glampings-2/https_/tewimakehotel.com/wp-content/uploads/2024/08/IMG_1437.27.delayed]
[tewimakehotel.com/en/glampings-2/https_/tewimakehotel.com/wp-content/uploads/2024/08/IMG_9664.jpg]
[tewimakehotel.com/en/glampings-2/https_/tewimakehotel.com/wp-content/uploads/2024/08/IMG_9684.jpg]
[tewimakehotel.com/en/glampings-2/https_/tewimakehotel.com/wp-content/uploads/2024/08/IMG_9687.jpg]
[tewimakehotel.com/en/glampings-2/https_/tewimakehotel.com/wp-content/uploads/2024/08/IMG_1435.jpg]
[tewimakehotel.com/en/glampings-2/https_/tewimakehotel.com/wp-content/uploads/2024/08/IMG_1433.jpg]
[tewimakehotel.com/en/glampings-2/https_/tewimakehotel.com/wp-content/uploads/2024/08/IMG_1438.jpg]
[tewimakehotel.com/en/glampings-2/https_/tewimakehotel.com/wp-content/uploads/2024/08/IMG_1441.jpg]
[tewimakehotel.com/en/glampings-2/index.html]
[tewimakehotel.com/en/suites-2/index.html]
[tewimakehotel.com/en/family-cabin/index.html]
[tewimakehotel.com/en/presidential-cabins/index.html]
[tewimakehotel.com/en/presidential-family-cabins/index.html]
[tewimakehotel.com/en/experiences/index.html]
[tewimakehotel.com/en/services/index.html]
[tewimakehotel.com/en/contact-us/index.html]
[tewimakehotel.com/en/home/https_/tewimakehotel.com/wp-content/uploads/2024/11/WhatsApp-Image-2024-10-10-at-19.53.41-scaled.html]
[tewimakehotel.com/en/home/https_/tewimakehotel.com/wp-content/uploads/2024/08/DJI_0916-scaled.html]
[tewimakehotel.com/en/home/https_/tewimakehotel.com/wp-content/uploads/2023/11/1.html]
[tewimakehotel.com/en/home/https_/tewimakehotel.com/wp-content/uploads/2023/11/3.html]
[tewimakehotel.com/en/home/https_/tewimakehotel.com/wp-content/uploads/2024/08/DJI_0910-2.html]
[tewimakehotel.com/en/home/https_/tewimakehotel.com/wp-content/uploads/2023/11/5.html]
[tewimakehotel.com/en/home/https_/tewimakehotel.com/wp-content/uploads/2024/08/IMG_1429-2.html]
[tewimakehotel.com/en/glampings-2/https_/tewimakehotel.com/wp-content/uploads/2024/08/DJI_0913-scaled.html]
[tewimakehotel.com/en/glampings-2/https_/tewimakehotel.com/wp-content/uploads/2024/08/IMG_9676.html]
[tewimakehotel.com/en/glampings-2/https_/tewimakehotel.com/wp-content/uploads/2024/08/IMG_1444.html]
[tewimakehotel.com/en/glampings-2/https_/tewimakehotel.com/wp-content/uploads/2024/08/IMG_9691.html]
[tewimakehotel.com/en/glampings-2/https_/tewimakehotel.com/wp-content/uploads/2024/08/IMG_9692.html]
[tewimakehotel.com/en/glampings-2/https_/tewimakehotel.com/wp-content/uploads/2024/08/IMG_9690.html]
[tewimakehotel.com/en/glampings-2/https_/tewimakehotel.com/wp-content/uploads/2024/08/IMG_9665.html]
[tewimakehotel.com/en/glampings-2/https_/tewimakehotel.com/wp-content/uploads/2024/08/IMG_9672.html]
[tewimakehotel.com/en/glampings-2/https_/tewimakehotel.com/wp-content/uploads/2024/08/IMG_9663.html]
[tewimakehotel.com/en/glampings-2/https_/tewimakehotel.com/wp-content/uploads/2024/08/DJI_0916-scaled.html]
[tewimakehotel.com/en/glampings-2/https_/tewimakehotel.com/wp-content/uploads/2024/08/IMG_9702.html]
[tewimakehotel.com/en/glampings-2/https_/tewimakehotel.com/wp-content/uploads/2024/08/IMG_9666.html]
[tewimakehotel.com/en/glampings-2/https_/tewimakehotel.com/wp-content/uploads/2024/08/IMG_1437.html]
[tewimakehotel.com/en/glampings-2/https_/tewimakehotel.com/wp-content/uploads/2024/08/IMG_9664.html]
[tewimakehotel.com/en/glampings-2/https_/tewimakehotel.com/wp-content/uploads/2024/08/IMG_9684.html]
[tewimakehotel.com/en/glampings-2/https_/tewimakehotel.com/wp-content/uploads/2024/08/IMG_9687.html]
[tewimakehotel.com/en/glampings-2/https_/tewimakehotel.com/wp-content/uploads/2024/08/IMG_1435.html]
[tewimakehotel.com/en/glampings-2/https_/tewimakehotel.com/wp-content/uploads/2024/08/IMG_1433.html]
[tewimakehotel.com/en/glampings-2/https_/tewimakehotel.com/wp-content/uploads/2024/08/IMG_1438.html]
[tewimakehotel.com/en/glampings-2/https_/tewimakehotel.com/wp-content/uploads/2024/08/IMG_1441.html]
[tewimakehotel.com/en/suites-2/https_/tewimakehotel.com/wp-content/uploads/2025/04/IMG_7711-scaled.html]
[tewimakehotel.com/en/suites-2/'https_/tewimakehotel.com/wp-content/uploads/2025/04/IMG_7699-scaled.html]
[tewimakehotel.com/en/suites-2/'https_/tewimakehotel.com/wp-content/uploads/2025/04/IMG_7741-scaled.html]
[tewimakehotel.com/en/suites-2/'https_/tewimakehotel.com/wp-content/uploads/2023/11/k4-1.html]
[tewimakehotel.com/en/suites-2/'https_/tewimakehotel.com/wp-content/uploads/2023/11/k5-1.html]
[tewimakehotel.com/en/suites-2/'https_/tewimakehotel.com/wp-content/uploads/2023/11/k6-1.html]
[tewimakehotel.com/en/suites-2/'https_/tewimakehotel.com/wp-content/uploads/2023/11/k7-1.html]
[tewimakehotel.com/en/suites-2/'https_/tewimakehotel.com/wp-content/uploads/2025/04/IMG_7696-scaled.html]
[tewimakehotel.com/en/suites-2/'https_/tewimakehotel.com/wp-content/uploads/2023/11/ye5.html]
[tewimakehotel.com/en/suites-2/'https_/tewimakehotel.com/wp-content/uploads/2023/11/ye6.html]
[tewimakehotel.com/en/suites-2/'https_/tewimakehotel.com/wp-content/uploads/2023/11/ye7.html]
[tewimakehotel.com/en/suites-2/'https_/tewimakehotel.com/wp-content/uploads/2023/11/mu3.html]
[tewimakehotel.com/en/suites-2/'https_/tewimakehotel.com/wp-content/uploads/2023/11/mu4.html]
[tewimakehotel.com/en/suites-2/'https_/tewimakehotel.com/wp-content/uploads/2023/11/mu5.html]
[tewimakehotel.com/en/suites-2/'https_/tewimakehotel.com/wp-content/uploads/2023/11/mu7.html]
[tewimakehotel.com/en/suites-2/'https_/tewimakehotel.com/wp-content/uploads/2025/04/IMG_7706-scaled.html]
[tewimakehotel.com/en/suites-2/'https_/tewimakehotel.com/wp-content/uploads/2023/11/tin3.html]
[tewimakehotel.com/en/suites-2/'https_/tewimakehotel.com/wp-content/uploads/2023/11/tin4.html]
[tewimakehotel.com/en/suites-2/'https_/tewimakehotel.com/wp-content/uploads/2023/11/tin5.html]
[tewimakehotel.com/en/suites-2/'https_/tewimakehotel.com/wp-content/uploads/2023/11/tin6.html]
[tewimakehotel.com/en/suites-2/'https_/tewimakehotel.com/wp-content/uploads/2023/11/tin7.html]
[tewimakehotel.com/en/family-cabin/'https_/tewimakehotel.com/wp-content/uploads/2023/11/IMG_8469.html]
[tewimakehotel.com/en/family-cabin/'https_/tewimakehotel.com/wp-content/uploads/2023/11/IMG_1649.html]
[tewimakehotel.com/en/family-cabin/'https_/tewimakehotel.com/wp-content/uploads/2023/11/DJI_0417.html]
[tewimakehotel.com/en/family-cabin/'https_/tewimakehotel.com/wp-content/uploads/2023/11/IMG_1549.html]
[tewimakehotel.com/en/family-cabin/'https_/tewimakehotel.com/wp-content/uploads/2023/11/IMG_1604.html]
[tewimakehotel.com/en/family-cabin/'https_/tewimakehotel.com/wp-content/uploads/2023/11/IMG_1613.html]
[tewimakehotel.com/en/family-cabin/'https_/tewimakehotel.com/wp-content/uploads/2023/11/IMG_1618.html]
[tewimakehotel.com/en/family-cabin/'https_/tewimakehotel.com/wp-content/uploads/2023/11/IMG_1629.html]
[tewimakehotel.com/en/family-cabin/'https_/tewimakehotel.com/wp-content/uploads/2023/11/IMG_1654.html]
[tewimakehotel.com/en/family-cabin/'https_/tewimakehotel.com/wp-content/uploads/2023/11/IMG_1660.html]
[tewimakehotel.com/en/family-cabin/'https_/tewimakehotel.com/wp-content/uploads/2023/11/IMG_8399.html]
[tewimakehotel.com/en/family-cabin/'https_/tewimakehotel.com/wp-content/uploads/2023/11/IMG_8400.html]
[tewimakehotel.com/en/family-cabin/'https_/tewimakehotel.com/wp-content/uploads/2023/11/IMG_8405.html]
[tewimakehotel.com/en/family-cabin/'https_/tewimakehotel.com/wp-content/uploads/2023/11/IMG_8418.html]
[tewimakehotel.com/en/family-cabin/'https_/tewimakehotel.com/wp-content/uploads/2023/11/IMG_8423.html]
[tewimakehotel.com/en/family-cabin/'https_/tewimakehotel.com/wp-content/uploads/2023/11/IMG_8436.html]
[tewimakehotel.com/en/family-cabin/'https_/tewimakehotel.com/wp-content/uploads/2023/11/IMG_8445.html]
[tewimakehotel.com/en/family-cabin/'https_/tewimakehotel.com/wp-content/uploads/2023/11/IMG_8438.html]
[tewimakehotel.com/en/family-cabin/'https_/tewimakehotel.com/wp-content/uploads/2023/11/IMG_8448.html]
[tewimakehotel.com/en/family-cabin/'https_/tewimakehotel.com/wp-content/uploads/2023/11/IMG_8463.html]
[tewimakehotel.com/en/presidential-cabins/'https_/tewimakehotel.com/wp-content/uploads/2023/11/y1.html]
[tewimakehotel.com/en/presidential-cabins/'https_/tewimakehotel.com/wp-content/uploads/2023/11/y2.html]
[tewimakehotel.com/en/presidential-cabins/'https_/tewimakehotel.com/wp-content/uploads/2023/11/y3.html]
[tewimakehotel.com/en/presidential-cabins/'https_/tewimakehotel.com/wp-content/uploads/2023/11/y4.html]
[tewimakehotel.com/en/presidential-cabins/'https_/tewimakehotel.com/wp-content/uploads/2023/11/y5.html]
[tewimakehotel.com/en/presidential-cabins/'https_/tewimakehotel.com/wp-content/uploads/2023/11/y6.html]
[tewimakehotel.com/en/presidential-cabins/'https_/tewimakehotel.com/wp-content/uploads/2023/11/y7.html]
[tewimakehotel.com/en/presidential-cabins/'https_/tewimakehotel.com/wp-content/uploads/2023/11/y9.html]
[tewimakehotel.com/en/presidential-cabins/'https_/tewimakehotel.com/wp-content/uploads/2023/11/y10.html]
[tewimakehotel.com/en/presidential-cabins/'https_/tewimakehotel.com/wp-content/uploads/2023/11/y11.html]
[tewimakehotel.com/en/presidential-cabins/'https_/tewimakehotel.com/wp-content/uploads/2023/11/t1-1.html]
[tewimakehotel.com/en/presidential-cabins/'https_/tewimakehotel.com/wp-content/uploads/2023/11/t2-1.html]
[tewimakehotel.com/en/presidential-cabins/'https_/tewimakehotel.com/wp-content/uploads/2023/11/t3-1.html]
[tewimakehotel.com/en/presidential-cabins/'https_/tewimakehotel.com/wp-content/uploads/2023/11/t4-1.html]
[tewimakehotel.com/en/presidential-cabins/'https_/tewimakehotel.com/wp-content/uploads/2023/11/t5-1.html]
[tewimakehotel.com/en/presidential-cabins/'https_/tewimakehotel.com/wp-content/uploads/2023/11/t6-1.html]
[tewimakehotel.com/en/presidential-cabins/'https_/tewimakehotel.com/wp-content/uploads/2023/11/t7.html]
[tewimakehotel.com/en/presidential-cabins/'https_/tewimakehotel.com/wp-content/uploads/2023/11/t8.html]
[tewimakehotel.com/en/presidential-cabins/'https_/tewimakehotel.com/wp-content/uploads/2023/11/t9.html]
[tewimakehotel.com/en/presidential-family-cabins/'https_/tewimakehotel.com/wp-content/uploads/2024/11/IMG_8307.html]
[tewimakehotel.com/en/presidential-family-cabins/'https_/tewimakehotel.com/wp-content/uploads/2024/11/IMG_8212.html]
[tewimakehotel.com/en/presidential-family-cabins/'https_/tewimakehotel.com/wp-content/uploads/2024/11/IMG_8225.html]
[tewimakehotel.com/en/presidential-family-cabins/'https_/tewimakehotel.com/wp-content/uploads/2024/11/IMG_8234.html]
[tewimakehotel.com/en/presidential-family-cabins/'https_/tewimakehotel.com/wp-content/uploads/2024/11/IMG_8252.html]
[tewimakehotel.com/en/presidential-family-cabins/'https_/tewimakehotel.com/wp-content/uploads/2024/11/IMG_8236.html]
[tewimakehotel.com/en/presidential-family-cabins/'https_/tewimakehotel.com/wp-content/uploads/2024/11/IMG_8239.html]
[tewimakehotel.com/en/presidential-family-cabins/'https_/tewimakehotel.com/wp-content/uploads/2024/11/IMG_8200.html]
[tewimakehotel.com/en/presidential-family-cabins/'https_/tewimakehotel.com/wp-content/uploads/2024/11/IMG_8181.html]
[tewimakehotel.com/en/presidential-family-cabins/'https_/tewimakehotel.com/wp-content/uploads/2024/11/IMG_8292.html]
[tewimakehotel.com/en/presidential-family-cabins/'https_/tewimakehotel.com/wp-content/uploads/2024/11/IMG_8115.html]
[tewimakehotel.com/en/presidential-family-cabins/'https_/tewimakehotel.com/wp-content/uploads/2024/11/IMG_8121.html]
[tewimakehotel.com/en/presidential-family-cabins/'https_/tewimakehotel.com/wp-content/uploads/2024/11/IMG_8159.html]
[tewimakehotel.com/en/presidential-family-cabins/'https_/tewimakehotel.com/wp-content/uploads/2024/11/IMG_8139.html]
[tewimakehotel.com/en/presidential-family-cabins/'https_/tewimakehotel.com/wp-content/uploads/2024/11/IMG_8140.html]
[tewimakehotel.com/en/presidential-family-cabins/'https_/tewimakehotel.com/wp-content/uploads/2024/11/IMG_8169.html]
[tewimakehotel.com/en/presidential-family-cabins/'https_/tewimakehotel.com/wp-content/uploads/2024/11/IMG_8173.html]
[tewimakehotel.com/en/presidential-family-cabins/'https_/tewimakehotel.com/wp-content/uploads/2024/11/IMG_8181-1.html]
[tewimakehotel.com/en/services/'https_/tewimakehotel.com/wp-content/uploads/2023/11/IMG_0997.html]
[tewimakehotel.com/en/services/'https_/tewimakehotel.com/wp-content/uploads/2023/11/IMG_0927.html]
[tewimakehotel.com/en/services/'https_/tewimakehotel.com/wp-content/uploads/2023/11/Fondo_01-1.html]
[tewimakehotel.com/en/services/'https_/tewimakehotel.com/wp-content/uploads/2023/11/DSCF7908.html]
[tewimakehotel.com/en/services/'https_/tewimakehotel.com/wp-content/uploads/2023/11/DSCF6506.html]
[tewimakehotel.com/en/services/'https_/tewimakehotel.com/wp-content/uploads/2023/11/DSCF7097.html]
[tewimakehotel.com/en/services/'https_/tewimakehotel.com/wp-content/uploads/2023/11/DSCF6824.html]
[tewimakehotel.com/en/services/'https_/tewimakehotel.com/wp-content/uploads/2023/11/DSCF6533.html]
[tewimakehotel.com/en/services/'https_/tewimakehotel.com/wp-content/uploads/2023/11/DSCF6304.html]
[tewimakehotel.com/en/services/'https_/tewimakehotel.com/wp-content/uploads/2023/11/DSCF6272.html]
[tewimakehotel.com/en/services/'https_/tewimakehotel.com/wp-content/uploads/2023/11/c2.html]
[tewimakehotel.com/en/services/'https_/tewimakehotel.com/wp-content/uploads/2023/11/c3.html]
[tewimakehotel.com/en/services/'https_/tewimakehotel.com/wp-content/uploads/2023/11/c4.html]
[tewimakehotel.com/en/services/'https_/tewimakehotel.com/wp-content/uploads/2023/11/c5.html]
[tewimakehotel.com/en/services/'https_/tewimakehotel.com/wp-content/uploads/2023/11/c6.html]
[tewimakehotel.com/en/services/'https_/tewimakehotel.com/wp-content/uploads/2023/11/t2.html]
[tewimakehotel.com/en/services/'https_/tewimakehotel.com/wp-content/uploads/2023/11/t3.html]
[tewimakehotel.com/en/services/'https_/tewimakehotel.com/wp-content/uploads/2023/11/t4.html]
[tewimakehotel.com/en/services/'https_/tewimakehotel.com/wp-content/uploads/2023/11/t5.html]
[tewimakehotel.com/en/services/'https_/tewimakehotel.com/wp-content/uploads/2023/11/t6.html]
[tewimakehotel.com/en/services/'https_/tewimakehotel.com/wp-content/uploads/2023/11/e2.html]
[tewimakehotel.com/en/services/'https_/tewimakehotel.com/wp-content/uploads/2023/11/e3.html]
[tewimakehotel.com/en/services/'https_/tewimakehotel.com/wp-content/uploads/2023/11/e4.html]
[tewimakehotel.com/en/services/'https_/tewimakehotel.com/wp-content/uploads/2023/11/e5.html]
[tewimakehotel.com/en/services/'https_/tewimakehotel.com/wp-content/uploads/2023/11/e6.html]
[tewimakehotel.com/en/services/'https_/tewimakehotel.com/wp-content/uploads/2023/11/ex2.html]
[tewimakehotel.com/en/services/'https_/tewimakehotel.com/wp-content/uploads/2023/11/ex3.html]
[tewimakehotel.com/en/services/'https_/tewimakehotel.com/wp-content/uploads/2023/11/ex4.html]
[tewimakehotel.com/en/services/'https_/tewimakehotel.com/wp-content/uploads/2023/11/ex5.html]
[tewimakehotel.com/en/services/'https_/tewimakehotel.com/wp-content/uploads/2023/11/ex6.html]
[tewimakehotel.com/en/services/'https_/tewimakehotel.com/wp-content/uploads/2023/11/co2.html]
